{
  "version": "1.5.0",
  "plugins_used": [
    {
      "name": "ArtifactoryDetector"
    },
    {
      "name": "AWSKeyDetector"
    },
    {
      "name": "AzureStorageKeyDetector"
    },
    {
      "name": "Base64HighEntropyString",
      "limit": 4.5
    },
    {
      "name": "BasicAuthDetector"
    },
    {
      "name": "CloudantDetector"
    },
    {
      "name": "DiscordBotTokenDetector"
    },
    {
      "name": "GitHubTokenDetector"
    },
    {
      "name": "GitLabTokenDetector"
    },
    {
      "name": "HexHighEntropyString",
      "limit": 3.0
    },
    {
      "name": "IbmCloudIamDetector"
    },
    {
      "name": "IbmCosHmacDetector"
    },
    {
      "name": "IPPublicDetector"
    },
    {
      "name": "JwtTokenDetector"
    },
    {
      "name": "KeywordDetector",
      "keyword_exclude": ""
    },
    {
      "name": "MailchimpDetector"
    },
    {
      "name": "NpmDetector"
    },
    {
      "name": "OpenAIDetector"
    },
    {
      "name": "PrivateKeyDetector"
    },
    {
      "name": "PypiTokenDetector"
    },
    {
      "name": "SendGridDetector"
    },
    {
      "name": "SlackDetector"
    },
    {
      "name": "SoftlayerDetector"
    },
    {
      "name": "SquareOAuthDetector"
    },
    {
      "name": "StripeDetector"
    },
    {
      "name": "TelegramBotTokenDetector"
    },
    {
      "name": "TwilioKeyDetector"
    }
  ],
  "filters_used": [
    {
      "path": "detect_secrets.filters.allowlist.is_line_allowlisted"
    },
    {
      "path": "detect_secrets.filters.common.is_ignored_due_to_verification_policies",
      "min_level": 2
    },
    {
      "path": "detect_secrets.filters.heuristic.is_indirect_reference"
    },
    {
      "path": "detect_secrets.filters.heuristic.is_likely_id_string"
    },
    {
      "path": "detect_secrets.filters.heuristic.is_lock_file"
    },
    {
      "path": "detect_secrets.filters.heuristic.is_not_alphanumeric_string"
    },
    {
      "path": "detect_secrets.filters.heuristic.is_potential_uuid"
    },
    {
      "path": "detect_secrets.filters.heuristic.is_prefixed_with_dollar_sign"
    },
    {
      "path": "detect_secrets.filters.heuristic.is_sequential_string"
    },
    {
      "path": "detect_secrets.filters.heuristic.is_swagger_file"
    },
    {
      "path": "detect_secrets.filters.heuristic.is_templated_secret"
    }
  ],
  "results": {
    "config\\gestionBatiment\\management\\commands\\init_test_users.py": [
      {
        "type": "Secret Keyword",
        "filename": "config\\gestionBatiment\\management\\commands\\init_test_users.py",
        "hashed_secret": "f865b53623b121fd34ee5426c792e5c33af8c227",
        "is_verified": false,
        "line_number": 155
      },
      {
        "type": "Secret Keyword",
        "filename": "config\\gestionBatiment\\management\\commands\\init_test_users.py",
        "hashed_secret": "8a90019efdcd0848b53b10cc2cbd5eb7b4e47a18",
        "is_verified": false,
        "line_number": 161
      },
      {
        "type": "Secret Keyword",
        "filename": "config\\gestionBatiment\\management\\commands\\init_test_users.py",
        "hashed_secret": "f35bc30c0ab883785eb8909fe8db729e6e591a9e",
        "is_verified": false,
        "line_number": 167
      },
      {
        "type": "Secret Keyword",
        "filename": "config\\gestionBatiment\\management\\commands\\init_test_users.py",
        "hashed_secret": "7172e7d67c68576d4f308337e1aa6d533be7ebc8",
        "is_verified": false,
        "line_number": 173
      },
      {
        "type": "Secret Keyword",
        "filename": "config\\gestionBatiment\\management\\commands\\init_test_users.py",
        "hashed_secret": "06cac9b405f1ca471bf1396ec8d049aaa6ec57df",
        "is_verified": false,
        "line_number": 179
      }
    ]
  },
  "generated_at": "2026-07-09T13:04:00Z"
}
